----------------- mft67 -----------------
<free>
             total       used       free     shared    buffers     cached
Mem:       1537080    1331088     205992          0      72864     437688
-/+ buffers/cache:     820536     716544
Swap:       511992          0     511992

<df>
Filesystem           1K-blocks      Used Available Use% Mounted on
/dev/vda1             20136828   6324020  12789884  34% /
tmpfs                   768540       324    768216   1% /dev/shm
tmpfs                   768540    130844    637696  18% /tmp
/dev/loop0              374872     17764    332908   6% /mnt/mds



----------------- mft68 -----------------
<free>
             total       used       free     shared    buffers     cached
Mem:       1537080    1049260     487820          0      74696     321336
-/+ buffers/cache:     653228     883852
Swap:       511992          0     511992

<df>
Filesystem           1K-blocks      Used Available Use% Mounted on
/dev/vda1             20136828   6323792  12790112  34% /
tmpfs                   768540       324    768216   1% /dev/shm
tmpfs                   768540     34120    734420   5% /tmp
/dev/loop0              688976     32940    621036   6% /mnt/ost1
/dev/loop1              688976     32940    621036   6% /mnt/ost2



----------------- mft65 -----------------
<free>
             total       used       free     shared    buffers     cached
Mem:       1536940     257820    1279120          0      62748     109200
-/+ buffers/cache:      85872    1451068
Swap:      2538488          0    2538488

<df>
Filesystem           1K-blocks      Used Available Use% Mounted on
/dev/vda1             18142536   1374112  15846824   8% /
tmpfs                   768468         0    768468   0% /dev/shm
mft67@tcp:/lustre      1377952     65880   1241944   6% /mnt/lustre



----------------- mft66 -----------------
<free>
             total       used       free     shared    buffers     cached
Mem:       1536940     210416    1326524          0      32832     102484
-/+ buffers/cache:      75100    1461840
Swap:      2538488          0    2538488

<df>
Filesystem           1K-blocks      Used Available Use% Mounted on
/dev/vda1             18142536   1355596  15865340   8% /
tmpfs                   768468         0    768468   0% /dev/shm
mft67@tcp:/lustre      1377952     65880   1241944   6% /mnt/lustre



